x86_64-elf-gcc.exe : kernel\klog.c: In 
function 'klog_itoa':
En P:\EterOS\build.ps1: 382 Carácter: 9
+         & $CC @CFLAGS -c $src -o $obj 2>&1
+         ~~~~~~~~~~~~~~~~~~~~~~~~~~~~~~~~~~
    + CategoryInfo          : NotSpecified: ( 
   kernel\klog.c: In function 'klog_itoa'::S  
  tring) [], RemoteException
    + FullyQualifiedErrorId : NativeCommandEr 
   ror
 
kernel\klog.c:60:52: warning: operand of '?:' 
changes signedness from 'int' to 'unsigned 
int' due to unsignedness of other operand 
[-Wsign-compare]
   60 |     unsigned int num = (value < 0 && 
base == 10) ? -value : (unsigned int)value;
      |                                       
             ^~~~~~
x86_64-elf-gcc.exe : 
kernel\arch\x86_64\syscall.c: In function 
'sys_socket':
En P:\EterOS\build.ps1: 382 Carácter: 9
+         & $CC @CFLAGS -c $src -o $obj 2>&1
+         ~~~~~~~~~~~~~~~~~~~~~~~~~~~~~~~~~~
    + CategoryInfo          : NotSpecified: ( 
   kernel\arch\x86...n 'sys_socket'::String)  
   [], RemoteException
    + FullyQualifiedErrorId : NativeCommandEr 
   ror
 
kernel\arch\x86_64\syscall.c:294:36: error: 
'EAFNOSUPPORT' undeclared (first use in this 
function)
  294 |     if (domain != AF_INET) return 
-EAFNOSUPPORT;
      |                                    
^~~~~~~~~~~~
kernel\arch\x86_64\syscall.c:294:36: note: 
each undeclared identifier is reported only 
once for each function it appears in
kernel\arch\x86_64\syscall.c:295:38: error: 
'EPROTOTYPE' undeclared (first use in this 
function)
  295 |     if (type != SOCK_STREAM) return 
-EPROTOTYPE; // Only TCP supported
      |                                      
^~~~~~~~~~
kernel\arch\x86_64\syscall.c:296:59: error: 
'EPROTONOSUPPORT' undeclared (first use in 
this function)
  296 |     if (protocol != 0 && protocol != 
IPPROTO_TCP) return -EPROTONOSUPPORT;
      |                                       
                    ^~~~~~~~~~~~~~~
kernel\arch\x86_64\syscall.c: In function 
'sys_connect':
kernel\arch\x86_64\syscall.c:351:51: error: 
'ENOTSOCK' undeclared (first use in this 
function)
  351 |     if ((node->flags & 0x7) != 
FS_SOCKET) return -ENOTSOCK;
      |                                       
            ^~~~~~~~
kernel\arch\x86_64\syscall.c:354:45: error: 
'EAFNOSUPPORT' undeclared (first use in this 
function)
  354 |     if (sin->sin_family != AF_INET) 
return -EAFNOSUPPORT;
      |                                       
      ^~~~~~~~~~~~
kernel\arch\x86_64\syscall.c:359:32: error: 
'ENETUNREACH' undeclared (first use in this 
function)
  359 |         if (res == -2) return 
-ENETUNREACH; /* ARP failed */
      |                                
^~~~~~~~~~~
kernel\arch\x86_64\syscall.c:360:17: error: 
'ECONNREFUSED' undeclared (first use in this 
function)
  360 |         return -ECONNREFUSED;
      |                 ^~~~~~~~~~~~
kernel\arch\x86_64\syscall.c: In function 
'sys_bind':
kernel\arch\x86_64\syscall.c:896:51: error: 
'ENOTSOCK' undeclared (first use in this 
function)
  896 |     if ((node->flags & 0x7) != 
FS_SOCKET) return -ENOTSOCK;
      |                                       
            ^~~~~~~~
kernel\arch\x86_64\syscall.c:903:45: error: 
'EAFNOSUPPORT' undeclared (first use in this 
function)
  903 |     if (sin->sin_family != AF_INET) 
return -EAFNOSUPPORT;
      |                                       
      ^~~~~~~~~~~~
kernel\arch\x86_64\syscall.c:910:21: error: 
implicit declaration of function 'ntohs' 
[-Wimplicit-function-declaration]
  910 |     s->local_port = 
ntohs(sin->sin_port);
      |                     ^~~~~
kernel\arch\x86_64\syscall.c: In function 
'sys_listen':
kernel\arch\x86_64\syscall.c:923:51: error: 
'ENOTSOCK' undeclared (first use in this 
function)
  923 |     if ((node->flags & 0x7) != 
FS_SOCKET) return -ENOTSOCK;
      |                                       
            ^~~~~~~~
kernel\arch\x86_64\syscall.c: In function 
'sys_sendto':
kernel\arch\x86_64\syscall.c:955:51: error: 
'ENOTSOCK' undeclared (first use in this 
function)
  955 |     if ((node->flags & 0x7) != 
FS_SOCKET) return -ENOTSOCK;
      |                                       
            ^~~~~~~~
kernel\arch\x86_64\syscall.c: In function 
'sys_recvfrom':
kernel\arch\x86_64\syscall.c:971:51: error: 
'ENOTSOCK' undeclared (first use in this 
function)
  971 |     if ((node->flags & 0x7) != 
FS_SOCKET) return -ENOTSOCK;
      |                                       
            ^~~~~~~~
kernel\arch\x86_64\syscall.c: At top level:
kernel\arch\x86_64\syscall.c:654:16: warning: 
'sys_lseek' defined but not used 
[-Wunused-function]
  654 | static int64_t sys_lseek(int fd, 
int64_t offset, int whence) {
      |                ^~~~~~~~~
