Building and running tests...
---------------------------------------------------
---------------------------------------------------
Running test_string...
Benchmark memcmp: 1000 iterations of 1MB comparison took 0.362175 seconds
Running string tests...
Small buffer itoa: 123
INT64_MIN: -9223372036854775808
INT64_MAX: 9223372036854775807
INT64_MIN in base 16: 8000000000000000
-1 in base 16: FFFFFFFFFFFFFFFF
5 in base 2: 101
INT64_MIN in base 2: 1000000000000000000000000000000000000000000000000000000000000000
Small buffer negative: -123
Advanced itoa_s tests passed
Full buffer utoa_hex: 0x00000000DEADBEEF
Small buffer utoa_hex: 0x00
Boundary tests passed for utoa_hex_s
memset tests passed
memcpy tests passed
strlen tests passed
strlcpy tests passed
strlcpy null termination guarantee passed
strlcat tests passed
memset16 test passed
memset32 test passed
memmove backward copy (dest > src) passed
memmove forward copy (dest < src) passed
memmove no overlap passed
memmove self assignment passed
memcmp tests passed
strcmp tests passed
strnlen tests passed
strncmp tests passed
Extended strncmp optimization tests passed
explicit_bzero tests passed
atoi_s tests passed
atoi tests passed
strchr tests passed
All tests passed!
---------------------------------------------------
Running test_kcalloc...
Running kcalloc overflow tests...
Test 1 passed (normal allocation)
Test 2 passed (overflow detected)
Test 3 passed (large but no overflow)
Test 4 passed (extreme overflow)
Test 5 passed (num=0)
All kcalloc tests passed!
---------------------------------------------------
Running test_malloc_overflow...
Testing custom allocation overflows...
PASS: calloc overflow check working.
PASS: malloc overflow check working.
PASS: realloc overflow check working.
PASS: Normal allocation working.
---------------------------------------------------
Running test_rtc...
Testing RTC BCD 24h...
PASS
Testing RTC BCD 12h PM...
PASS
Testing RTC BCD 12h AM...
PASS
Testing Argentina conversion...
PASS
---------------------------------------------------
Running test_bcache...
Running test_bcache_write_new_entry...
PASSED
Running test_bcache_write_update_existing...
PASSED
Running test_bcache_write_lru_eviction...
PASSED
Running test_bcache_write_null_cache...
PASSED
All bcache tests passed!
---------------------------------------------------
Running test_fat32...
Running test_fat32_read...
PASSED
Running test_fat32_not_found...
PASSED
Running test_fat32_list...
  [FAT32] Listing Root Directory:
    - TEST.TXT
PASSED (Check output manually if needed)
Running test_fat32_create_write_read...
PASSED
Running test_fat32_delete...
PASSED
Running test_fat32_mkdir...
PASSED
Running test_fat32_vfs...
PASSED
All FAT32 tests passed!
---------------------------------------------------
Running test_jfs...
Running test_jfs_init...
PASSED
Running test_jfs_create_file...
PASSED
Running test_jfs_write_read...
PASSED
Running test_jfs_directory...
PASSED
All JFS tests passed!
---------------------------------------------------
Running test_crypto...
Testing SHA-256...
SHA-256 Test 1 Passed
SHA-256 Test 2 Passed
Testing SHA-512...
SHA-512 Test 1 Passed
SHA-512 Test 2 Passed
Testing Ed25519...
ed25519_verify(valid sig) returned: 0
ed25519_verify(invalid sig) returned: 0
Ed25519 Tests Passed (Stub Mode)
All Crypto Tests Passed!
---------------------------------------------------
Running test_elf_read_failure...
Setting up ELF Read Failure Test...
Loading broken ELF...
[SERIAL] [ELF] Loading file: [SERIAL] /broken_elf[SERIAL]
[SERIAL] [ELF] Detected Linux ABI.
[SERIAL] [ELF] Type: ET_EXEC. Ignoring base offset.
[MOCK] Simulating read failure (returning 0)
[SERIAL] [ELF] Failed to read segment data.
[TEST] SUCCESS: elf_load_file returned 0 as expected.
---------------------------------------------------
Running test_ip_aton...
Running ip_aton tests with REAL implementation...
Testing Valid IPs...
Testing Invalid IPs...
All ip_aton tests passed!
---------------------------------------------------
Running test_stack_security...
tests/test_stack_security.c:1: warning: "__ETEROS_HOST_TEST__" redefined
    1 | #define __ETEROS_HOST_TEST__
      |
<command-line>: note: this is the location of the previous definition
Starting Stack Security Test...
Running Test: Valid Packet                   ... PASS (Called)
Running Test: Truncated Ethernet             ... PASS (Dropped)
Running Test: Truncated IP Header            ... PASS (Dropped)
Running Test: Truncated TCP Header           ... PASS (Dropped)
Running Test: IP Length > Received Length    ... PASS (Called)
PASS: tcp_input length clamped to 20
Running Test: Invalid IHL (Truncated IP)     ... PASS (Dropped)
All tests completed successfully.
---------------------------------------------------
Running test_initrd_overflow...
Running test_initrd_readdir_leak...
Read name length: 64
Content: AAAAAAAAAAAAAAAAAAAAAAAAAAAAAAAAAAAAAAAAAAAAAAAAAAAAAAAAAAAAAAAA
Name length 64. Safe.
---------------------------------------------------
Running test_readv_security...
In file included from tests/../kernel/arch/x86_64/syscall.c:40,
                 from tests/test_readv_security.c:262:
include/sched.h:19: warning: "WSTOPPED" redefined
   19 | #define WSTOPPED    WUNTRACED
      |
In file included from /usr/include/stdlib.h:40,
                 from include/stdlib.h:6,
                 from tests/test_readv_security.c:5:
/usr/include/x86_64-linux-gnu/bits/waitflags.h:30: note: this is the location of the previous definition
   30 | # define WSTOPPED       2       /* Report stopped child (same as WUNTRACED). */
      |
Running test_readv_security...
Test 1: Normal sys_readv
PASSED: Memory handling correct
Test 2: sys_readv with kernel pointer iov
Test 4: Large iovcnt (DoS check)
PASSED: sys_readv rejected large iovcnt
Test 5: Normal sys_writev
PASSED: writev Memory handling correct
---------------------------------------------------
Running test_mmap_fixed...
In file included from tests/../kernel/arch/x86_64/syscall.c:40,
                 from tests/test_mmap_fixed.c:255:
include/sched.h:19: warning: "WSTOPPED" redefined
   19 | #define WSTOPPED    WUNTRACED
      |
In file included from /usr/include/stdlib.h:40,
                 from include/stdlib.h:6,
                 from tests/test_mmap_fixed.c:5:
/usr/include/x86_64-linux-gnu/bits/waitflags.h:30: note: this is the location of the previous definition
   30 | # define WSTOPPED       2       /* Report stopped child (same as WUNTRACED). */
      |
tests/test_mmap_fixed.c:260: warning: "PROT_READ" redefined
  260 | #define PROT_READ 1
      |
tests/../kernel/arch/x86_64/syscall.c:68: note: this is the location of the previous definition
   68 | #define PROT_READ  0x1
      |
tests/test_mmap_fixed.c:261: warning: "PROT_WRITE" redefined
  261 | #define PROT_WRITE 2
      |
tests/../kernel/arch/x86_64/syscall.c:69: note: this is the location of the previous definition
   69 | #define PROT_WRITE 0x2
      |
Running test_mmap_fixed...
Fix Verified: Existing page WAS unmapped.
---------------------------------------------------
Running test_vmm_unmap...

All VMM Unmap tests passed!
Starting VMM tests...
Running test_vmm_unmap_page_mapped...
PASSED
Running test_unmap_non_existent_page... Running test_vmm_unmap_page_unmapped...
PASSED
All VMM tests passed!
---------------------------------------------------
Running test_stdio...
snprintf tests passed
kprintf tests passed
---------------------------------------------------
Running test_procfs...
Starting ProcFS tests...
Running test_proc_version...
  Content: eterOS version 0.1.0 (Genesis) (gcc version 12.2.0)
  Passed.
Running test_proc_uptime...
  Uptime string: 12345.00 0.00
  Passed.
Running test_proc_meminfo...
  Meminfo content:
MemTotal:       65536 kB
MemFree:        32768 kB
MemUsed:        32768 kB
  Passed.
Running test_proc_directory...
  Passed.
All ProcFS tests passed!
---------------------------------------------------
Running test_devfs...
Running DevFS finddir tests...
Testing devfs_finddir...
PASSED: devfs_finddir tests.
---------------------------------------------------
Running test_framebuffer_scroll...
In file included from tests/../kernel/drivers/video/framebuffer.c:5,
                 from tests/test_framebuffer_scroll.c:72:
include/hal/mm.h:16: warning: "HAL_MEM_WRITE" redefined
   16 | #define HAL_MEM_WRITE         (1 << 1)  /* Page is writable */
      |
tests/test_framebuffer_scroll.c:45: note: this is the location of the previous definition
   45 | #define HAL_MEM_WRITE 0
      |
include/hal/mm.h:22: warning: "HAL_MEM_WRITE_COMBINING" redefined
   22 | #define HAL_MEM_WRITE_COMBINING (1 << 7) /* Write-Combining (e.g. for Video) */
      |
tests/test_framebuffer_scroll.c:46: note: this is the location of the previous definition
   46 | #define HAL_MEM_WRITE_COMBINING 0
      |
tests/test_framebuffer_scroll.c:104: warning: "VGA_BUFFER_ADDR" redefined
  104 | #define VGA_BUFFER_ADDR ((uintptr_t)mock_vga_buffer)
      |
In file included from tests/test_framebuffer_scroll.c:12:
tests/../include/vga.h:18: note: this is the location of the previous definition
   18 | #define VGA_BUFFER_ADDR     0xB8000
      |
Running Framebuffer Scroll Tests...
[TEST] Mock Framebuffer initialized: 1024x768, 32 bpp, pitch 4096
[TEST] Filling screen with lines...
[TEST] Triggering scroll...
[TEST] Verifying pixels...
Pixel (0,0): 0xFFFFFFFF
Pixel (0,16) (Row 1 orig): 0xFF000000
Pixel (0,736) (Row 46): 0xFFFFFFFF
Pixel (0,752) (Row 47): 0xFF000000
TEST PASSED: Scrolling implemented correctly.
---------------------------------------------------
Running test_sem_logic...
Running sem_logic tests...
Test: sem_signal with NULL semaphore...
PASS
Test: sem_signal with no waiting tasks...
PASS
Test: sem_signal with waiting tasks...
PASS
All sem_logic tests passed!
---------------------------------------------------
Running test_sys_open...
In file included from tests/../kernel/arch/x86_64/syscall.c:40,
                 from tests/test_sys_open.c:255:
include/sched.h:19: warning: "WSTOPPED" redefined
   19 | #define WSTOPPED    WUNTRACED
      |
In file included from /usr/include/stdlib.h:40,
                 from include/stdlib.h:6,
                 from tests/test_sys_open.c:5:
/usr/include/x86_64-linux-gnu/bits/waitflags.h:30: note: this is the location of the previous definition
   30 | # define WSTOPPED       2       /* Report stopped child (same as WUNTRACED). */
      |
Running test_sys_open...
Attempting to open directory '/some/dir' with O_WRONLY...
PASSED: sys_open returned -EISDIR
---------------------------------------------------
Running test_sys_rw_perms...
In file included from tests/../kernel/arch/x86_64/syscall.c:40,
                 from tests/test_sys_rw_perms.c:239:
include/sched.h:19: warning: "WSTOPPED" redefined
   19 | #define WSTOPPED    WUNTRACED
      |
In file included from /usr/include/stdlib.h:40,
                 from include/stdlib.h:6,
                 from tests/test_sys_rw_perms.c:5:
/usr/include/x86_64-linux-gnu/bits/waitflags.h:30: note: this is the location of the previous definition
   30 | # define WSTOPPED       2       /* Report stopped child (same as WUNTRACED). */
      |
Running test_sys_rw_perms...
All permissions logic tests passed!
---------------------------------------------------
Running test_socket_security...
In file included from tests/../kernel/arch/x86_64/syscall.c:40,
                 from tests/test_socket_security.c:216:
include/sched.h:19: warning: "WSTOPPED" redefined
   19 | #define WSTOPPED    WUNTRACED
      |
In file included from /usr/include/stdlib.h:40,
                 from include/stdlib.h:6,
                 from tests/test_socket_security.c:5:
/usr/include/x86_64-linux-gnu/bits/waitflags.h:30: note: this is the location of the previous definition
   30 | # define WSTOPPED       2       /* Report stopped child (same as WUNTRACED). */
      |
tests/test_socket_security.c: In function ‘main’:
tests/test_socket_security.c:226:33: warning: initialization of ‘struct sockaddr *’ from incompatible pointer type ‘struct sockaddr_old *’ [-Wincompatible-pointer-types]
  226 |     struct sockaddr* bad_addr = (struct sockaddr_old*)0xFFFFFFFF80000000ULL;
      |                                 ^
tests/test_socket_security.c:235:33: warning: passing argument 2 of ‘sys_accept’ from incompatible pointer type [-Wincompatible-pointer-types]
  235 |     int64_t ret = sys_accept(0, bad_addr, &good_addrlen);
      |                                 ^~~~~~~~
      |                                 |
      |                                 struct sockaddr *
tests/../kernel/arch/x86_64/syscall.c:1816:56: note: expected ‘struct sockaddr_old *’ but argument is of type ‘struct sockaddr *’
 1816 | static int64_t sys_accept(int fd, struct sockaddr_old* addr, int* addrlen) {
      |                                   ~~~~~~~~~~~~~~~~~~~~~^~~~
tests/test_socket_security.c:249:45: warning: passing argument 5 of ‘sys_recvfrom’ from incompatible pointer type [-Wincompatible-pointer-types]
  249 |     ret = sys_recvfrom(0, good_buf, 100, 0, bad_addr, &good_addrlen);
      |                                             ^~~~~~~~
      |                                             |
      |                                             struct sockaddr *
tests/../kernel/arch/x86_64/syscall.c:1852:92: note: expected ‘struct sockaddr_old *’ but argument is of type ‘struct sockaddr *’
 1852 | static int64_t sys_recvfrom(int fd, void* buf, size_t len, int flags, struct sockaddr_old* src_addr, int* addrlen) {
      |                                                                       ~~~~~~~~~~~~~~~~~~~~~^~~~~~~~
tests/test_socket_security.c:263:43: warning: passing argument 5 of ‘sys_sendto’ from incompatible pointer type [-Wincompatible-pointer-types]
  263 |     ret = sys_sendto(0, good_buf, 100, 0, bad_addr, sizeof(struct sockaddr_old));
      |                                           ^~~~~~~~
      |                                           |
      |                                           struct sockaddr *
tests/../kernel/arch/x86_64/syscall.c:1839:102: note: expected ‘const struct sockaddr_old *’ but argument is of type ‘struct sockaddr *’
 1839 | static int64_t sys_sendto(int fd, const void* buf, size_t len, int flags, const struct sockaddr_old* dest_addr, int addrlen) {
      |                                                                           ~~~~~~~~~~~~~~~~~~~~~~~~~~~^~~~~~~~~
Running test_socket_security...
Test 1: sys_accept with bad addr
Test 2: sys_accept with bad addrlen
Test 3: sys_recvfrom with bad src_addr
Test 4: sys_recvfrom with bad addrlen
Test 5: sys_sendto with bad dest_addr
All socket security tests passed!
---------------------------------------------------
Running test_vfs_readdir...
Starting VFS readdir_fs Tests...
Running test_readdir_fs_success...
PASS: test_readdir_fs_success
Running test_readdir_fs_not_directory...
PASS: test_readdir_fs_not_directory
Running test_readdir_fs_null_pointer...
PASS: test_readdir_fs_null_pointer

All VFS readdir_fs tests passed successfully!
---------------------------------------------------
Running test_vfs_create_fs...
Running test_create_fs...
Test 1 (Valid parent dir with create function) passed.
Test 2 (Directory with NULL create function) passed.
Test 3 (Parent is a file, not a directory) passed.
Test 4 (Create function returns error) passed.
All test_create_fs tests passed successfully!
---------------------------------------------------
---------------------------------------------------
Running test_futex_logic...
Test: futex_wait mismatch...
PASS
Test: futex_wait success...
PASS
Test: futex_wake logic...
PASS
All tests passed.
---------------------------------------------------
Running test_futex_timeout...
Test: futex_wait with timeout...
PASS
Test: futex_wait without timeout...
PASS
Test: futex_wait spurious wakeup before timeout...
PASS
All tests passed.
---------------------------------------------------
Running test_syscall_dispatch...
In file included from tests/../kernel/arch/x86_64/syscall.c:40,
                 from tests/test_syscall_dispatch.c:98:
include/sched.h:19: warning: "WSTOPPED" redefined
   19 | #define WSTOPPED    WUNTRACED
      |
In file included from /usr/include/stdlib.h:40,
                 from include/stdlib.h:6,
                 from tests/test_syscall_dispatch.c:80:
/usr/include/x86_64-linux-gnu/bits/waitflags.h:30: note: this is the location of the previous definition
   30 | # define WSTOPPED       2       /* Report stopped child (same as WUNTRACED). */
      |
Testing Syscall Dispatcher...
[SERIAL] [SYSCALL] Initializing MSRs for x86_64...
rdmsr(0xc0000080)
wrmsr(0xc0000080, 0x1)
wrmsr(0xc0000081, 0x10000800000000)
wrmsr(0xc0000082, 0x55c1b2040346)
wrmsr(0xc0000084, 0x200)
[SERIAL] [SYSCALL] x86_64 mechanism enabled.
Output:
SYS_write passed
Unknown syscall returned: -38 (expected -38)
ENOSYS passed
sys_uname returned: 0
sys_uname valid pointer passed
sys_uname NULL pointer passed
All tests passed.
---------------------------------------------------
Running test_syscall_openat...
In file included from tests/../kernel/arch/x86_64/syscall.c:40,
                 from tests/test_syscall_openat.c:255:
include/sched.h:19: warning: "WSTOPPED" redefined
   19 | #define WSTOPPED    WUNTRACED
      |
In file included from /usr/include/stdlib.h:40,
                 from include/stdlib.h:6,
                 from tests/test_syscall_openat.c:5:
/usr/include/x86_64-linux-gnu/bits/waitflags.h:30: note: this is the location of the previous definition
   30 | # define WSTOPPED       2       /* Report stopped child (same as WUNTRACED). */
      |
Running test_syscall_openat...
Test 1: AT_FDCWD with absolute path
PASSED: sys_openat absolute path via AT_FDCWD
Test 2: Open directory for writing
PASSED: sys_openat returned -EISDIR
---------------------------------------------------
---------------------------------------------------
Running test_syscall_epoll...
In file included from tests/../kernel/arch/x86_64/syscall.c:40,
                 from tests/test_syscall_epoll.c:258:
include/sched.h:19: warning: "WSTOPPED" redefined
   19 | #define WSTOPPED    WUNTRACED
      |
In file included from /usr/include/stdlib.h:40,
                 from include/stdlib.h:6,
                 from tests/test_syscall_epoll.c:5:
/usr/include/x86_64-linux-gnu/bits/waitflags.h:30: note: this is the location of the previous definition
   30 | # define WSTOPPED       2       /* Report stopped child (same as WUNTRACED). */
      |
Running test_syscall_epoll...
PASSED: sys_epoll_create1 returned a valid FD: 3
PASSED: sys_epoll_ctl stub returned 0
PASSED: sys_epoll_wait stub returned 0 events immediately due to 0 timeout
---------------------------------------------------
---------------------------------------------------
Running test_syscall_mmap_linux...
In file included from tests/../kernel/arch/x86_64/syscall.c:40,
                 from tests/test_syscall_mmap_linux.c:238:
include/sched.h:19: warning: "WSTOPPED" redefined
   19 | #define WSTOPPED    WUNTRACED
      |
In file included from /usr/include/stdlib.h:40,
                 from include/stdlib.h:6,
                 from tests/test_syscall_mmap_linux.c:5:
/usr/include/x86_64-linux-gnu/bits/waitflags.h:30: note: this is the location of the previous definition
   30 | # define WSTOPPED       2       /* Report stopped child (same as WUNTRACED). */
      |
Running test_syscall_mmap_linux...
PASSED: sys_mmap returned 0x200000
Running test_syscall_mmap_fixed...
In file included from tests/../kernel/arch/x86_64/syscall.c:40,
                 from tests/test_syscall_mmap_fixed.c:254:
include/sched.h:19: warning: "WSTOPPED" redefined
   19 | #define WSTOPPED    WUNTRACED
      |
In file included from /usr/include/stdlib.h:40,
                 from include/stdlib.h:6,
                 from tests/test_syscall_mmap_fixed.c:5:
/usr/include/x86_64-linux-gnu/bits/waitflags.h:30: note: this is the location of the previous definition
   30 | # define WSTOPPED       2       /* Report stopped child (same as WUNTRACED). */
      |
Running test_syscall_mmap_fixed...
PASSED: sys_mmap with MAP_FIXED returned 0x200000
---------------------------------------------------
Running test_syscall_clone...
In file included from tests/../kernel/arch/x86_64/syscall.c:40,
                 from tests/test_syscall_linux_clone3.c:158:
include/sched.h:19: warning: "WSTOPPED" redefined
   19 | #define WSTOPPED    WUNTRACED
      |
In file included from /usr/include/stdlib.h:40,
                 from include/stdlib.h:6,
                 from tests/test_syscall_linux_clone3.c:5:
/usr/include/x86_64-linux-gnu/bits/waitflags.h:30: note: this is the location of the previous definition
   30 | # define WSTOPPED       2       /* Report stopped child (same as WUNTRACED). */
      |
Running test_syscall_linux_clone3...
PASSED: sys_clone3 correctly called task_clone
In file included from tests/../kernel/arch/x86_64/syscall.c:40,
                 from tests/test_syscall_clone.c:247:
include/sched.h:19: warning: "WSTOPPED" redefined
   19 | #define WSTOPPED    WUNTRACED
      |
In file included from /usr/include/stdlib.h:40,
                 from include/stdlib.h:6,
                 from tests/test_syscall_clone.c:5:
/usr/include/x86_64-linux-gnu/bits/waitflags.h:30: note: this is the location of the previous definition
   30 | # define WSTOPPED       2       /* Report stopped child (same as WUNTRACED). */
      |
Running test_syscall_clone...
PASSED: sys_clone called task_fork successfully
---------------------------------------------------
Running test_syscall_pipe2...
In file included from tests/../kernel/arch/x86_64/syscall.c:40,
                 from tests/test_syscall_pipe2.c:247:
include/sched.h:19: warning: "WSTOPPED" redefined
   19 | #define WSTOPPED    WUNTRACED
      |
In file included from /usr/include/stdlib.h:40,
                 from include/stdlib.h:6,
                 from tests/test_syscall_pipe2.c:5:
/usr/include/x86_64-linux-gnu/bits/waitflags.h:30: note: this is the location of the previous definition
   30 | # define WSTOPPED       2       /* Report stopped child (same as WUNTRACED). */
      |
Running test_syscall_pipe2...
PASSED: sys_pipe2 rejected bad pointer
---------------------------------------------------
Running test_syscall_rt_sigaction...
In file included from tests/../kernel/arch/x86_64/syscall.c:40,
                 from tests/test_syscall_rt_sigaction.c:243:
include/sched.h:19: warning: "WSTOPPED" redefined
   19 | #define WSTOPPED    WUNTRACED
      |
In file included from /usr/include/stdlib.h:40,
                 from include/stdlib.h:6,
                 from tests/test_syscall_rt_sigaction.c:5:
/usr/include/x86_64-linux-gnu/bits/waitflags.h:30: note: this is the location of the previous definition
   30 | # define WSTOPPED       2       /* Report stopped child (same as WUNTRACED). */
      |
Running test_syscall_rt_sigaction...
PASSED: sys_rt_sigaction rejected invalid signal
---------------------------------------------------
Running test_syscall_linux_readlink...
test_syscall_linux_readlink passed!
All tests passed!
---------------------------------------------------
Running verify_gradient...
Testing gradient: 0x000000 -> 0xFFFFFF (h=100)... PASS
Testing gradient: 0xFFFFFF -> 0x000000 (h=100)... PASS
Testing gradient: 0x00FF00 -> 0xFF0000 (h=50)... PASS
Testing gradient: 0x102030 -> 0x405060 (h=5)... PASS
---------------------------------------------------
Running test_xtensa_uart...
Running Xtensa UART Tests...
Test: hal_input_available_empty... PASSED
Test: hal_input_available_data... PASSED
Test: hal_input_getchar... PASSED
---------------------------------------------------
Running test_sem...
Test: sem_init...
PASS
Test: sem_wait immediate...
PASS
Test: sem_wait blocks...
PASS
Test: sem_signal...
PASS
All tests passed.
---------------------------------------------------
Running bench_draw_window_fastpath...
Unoptimized (Alpha Blend) took: 5.834786 seconds
Optimized (Memcpy fastpath) took: 0.860063 seconds
---------------------------------------------------
Running bench_gfx_draw_rect...
Unoptimized took: 0.763376 seconds
Optimized took: 0.309749 seconds
---------------------------------------------------
Running bench_gfx_rect...
Starting benchmark for gfx_draw_rect...
Time for 10000 gfx_draw_rect calls: 0.026321 seconds
Benchmark passed! Fast-path optimization active.
---------------------------------------------------
Running test_wget_parse_url...
Running wget parse_url tests...
All parse_url tests passed!
---------------------------------------------------
Running test_vfs_normalize_path...
All basic and edge-case vfs_normalize_path tests passed!
All error conditions passed!
All tests completed successfully!
---------------------------------------------------
Running test_vfs_mkdir...
Running test_vfs_mkdir...
Test 1 (NULL path) passed.
Test 2 (No slash) passed.
Test 3 (Path too long) passed.
Test 4 (Parent directory not found) passed.
Test 5 (Successful creation in root) passed.
Test 6 (Successful creation in subdirectory) passed.
Test 7 (Parent is a file) passed.
Test 8 (mkdir_fs returns failure) passed.
All vfs_mkdir tests passed successfully!
---------------------------------------------------
Running test_syscall_sysinfo...
In file included from tests/../kernel/arch/x86_64/syscall.c:40,
                 from tests/test_syscall_sysinfo.c:48:
include/sched.h:19: warning: "WSTOPPED" redefined
   19 | #define WSTOPPED    WUNTRACED
      |
In file included from /usr/include/stdlib.h:40,
                 from include/stdlib.h:6,
                 from tests/test_syscall_sysinfo.c:30:
/usr/include/x86_64-linux-gnu/bits/waitflags.h:30: note: this is the location of the previous definition
   30 | # define WSTOPPED       2       /* Report stopped child (same as WUNTRACED). */
      |
sys_sysinfo test passed!
